# Buyer-entered store code golden table (taiwan-cvs-logistics-v1 §16.1, F21 retrieved 2026-09-30).
# Columns: kind<TAB>code<TAB>valid. Shared by the Go rule (fulfillment.ValidBuyerStoreCode) and the SQL twin
# (record_buyer_cvs_store): cvs-tests replays these rows against the definer. Codes are strings; leading zeros are data.
cvs_711	123456	true
cvs_711	000123	true
cvs_711	12345	false
cvs_711	1234567	false
cvs_711	12345a	false
cvs_711	 123456	false
cvs_711		false
cvs_familymart	006598	true
cvs_familymart	017888	true
cvs_familymart	65980	false
cvs_familymart	0065981	false
cvs_familymart	00659x	false
cvs_okmart	1328	true
cvs_okmart	0001	true
cvs_okmart	13280	false
cvs_okmart	132	false
cvs_okmart	13a8	false
cvs_hilife	123	true
cvs_hilife	12345678	true
cvs_hilife	00123456	true
cvs_hilife	12	false
cvs_hilife	123456789	false
cvs_hilife	12-345	false
home	123456	false
cvs_other	123456	false
